Archive member included because of file (symbol)

c:/gnu tools arm embedded/4.7 2013q2/bin/../lib/gcc/arm-none-eabi/4.7.4/../../../../arm-none-eabi/lib/armv7-m\libg.a(lib_a-memset.o)
                              ..\obj\oled.o (memset)
c:/gnu tools arm embedded/4.7 2013q2/bin/../lib/gcc/arm-none-eabi/4.7.4/../../../../arm-none-eabi/lib/armv7-m\libg.a(lib_a-strcat.o)
                              ..\obj\main.o (strcat)
c:/gnu tools arm embedded/4.7 2013q2/bin/../lib/gcc/arm-none-eabi/4.7.4/../../../../arm-none-eabi/lib/armv7-m\libg.a(lib_a-strcpy.o)
                              c:/gnu tools arm embedded/4.7 2013q2/bin/../lib/gcc/arm-none-eabi/4.7.4/../../../../arm-none-eabi/lib/armv7-m\libg.a(lib_a-strcat.o) (strcpy)
c:/gnu tools arm embedded/4.7 2013q2/bin/../lib/gcc/arm-none-eabi/4.7.4/../../../../arm-none-eabi/lib/armv7-m\libg.a(lib_a-strlen.o)
                              ..\obj\main.o (strlen)

Allocating common symbols
Common symbol       size              file

t                   0x1               ..\obj\main.o
tmp                 0x4               ..\obj\main.o
f                   0x4               ..\obj\main.o
CurentTimeAndData   0xc               ..\obj\main.o
key_ok              0x1               ..\obj\main.o
getTime0            0xc               ..\obj\main.o
setTime             0xc               ..\obj\main.o
BackTimeAndData     0xc               ..\obj\main.o
RTCDateStr          0x4               ..\obj\main.o
getTime             0xc               ..\obj\main.o
temp_str            0x10              ..\obj\main.o
RTCTimeStr          0x4               ..\obj\main.o
Frequency           0x10              ..\obj\main.o
key_down            0x1               ..\obj\main.o
key_up              0x1               ..\obj\main.o
LcdCache            0x800             ..\obj\oled.o
OLED_GRAM           0x400             ..\obj\oled.o

Discarded input sections

 .text          0x00000000        0x0 ..\obj\stm32l1xx_gpio.o
 .data          0x00000000        0x0 ..\obj\stm32l1xx_gpio.o
 .bss           0x00000000        0x0 ..\obj\stm32l1xx_gpio.o
 .text.GPIO_DeInit
                0x00000000      0x150 ..\obj\stm32l1xx_gpio.o
 .text.GPIO_StructInit
                0x00000000       0x3c ..\obj\stm32l1xx_gpio.o
 .text.GPIO_PinLockConfig
                0x00000000       0x44 ..\obj\stm32l1xx_gpio.o
 .text.GPIO_ReadInputData
                0x00000000       0x1c ..\obj\stm32l1xx_gpio.o
 .text.GPIO_ReadOutputDataBit
                0x00000000       0x40 ..\obj\stm32l1xx_gpio.o
 .text.GPIO_ReadOutputData
                0x00000000       0x1c ..\obj\stm32l1xx_gpio.o
 .text.GPIO_WriteBit
                0x00000000       0x30 ..\obj\stm32l1xx_gpio.o
 .text.GPIO_Write
                0x00000000       0x1c ..\obj\stm32l1xx_gpio.o
 .text.GPIO_ToggleBits
                0x00000000       0x28 ..\obj\stm32l1xx_gpio.o
 .text.GPIO_PinAFConfig
                0x00000000       0xa8 ..\obj\stm32l1xx_gpio.o
 .text          0x00000000        0x0 ..\obj\oled.o
 .bss           0x00000000        0x0 ..\obj\oled.o
 .text.delay_us
                0x00000000       0x70 ..\obj\oled.o
 .text.OLED_Display_On
                0x00000000       0x2c ..\obj\oled.o
 .text.OLED_Display_Off
                0x00000000       0x2c ..\obj\oled.o
 .text.OLED_DrawPoint
                0x00000000       0xd0 ..\obj\oled.o
 .text.OLED_Fill
                0x00000000       0x58 ..\obj\oled.o
 .text.OLED_SetContrast
                0x00000000       0x2c ..\obj\oled.o
 .text.OLED_drawbitmap
                0x00000000       0x94 ..\obj\oled.o
 .text.OLED_line
                0x00000000      0x150 ..\obj\oled.o
 .text.OLED_DrawStringXY_fast
                0x00000000       0x5c ..\obj\oled.o
 .text.OLED_DrawChrToCharAnimXY_fast
                0x00000000      0x3f0 ..\obj\oled.o
 .text.OLED_DrawStringToStringAnimXY_fast
                0x00000000       0x70 ..\obj\oled.o
 .text.IntToStr
                0x00000000       0xd4 ..\obj\oled.o
 .text.oled_pow
                0x00000000       0x48 ..\obj\oled.o
 .text.OLED_Draw0
                0x00000000      0x1bc ..\obj\oled.o
 .text          0x00000000        0x0 ..\obj\stm32l1xx_pwr.o
 .data          0x00000000        0x0 ..\obj\stm32l1xx_pwr.o
 .bss           0x00000000        0x0 ..\obj\stm32l1xx_pwr.o
 .text.PWR_DeInit
                0x00000000       0x20 ..\obj\stm32l1xx_pwr.o
 .text.PWR_PVDLevelConfig
                0x00000000       0x40 ..\obj\stm32l1xx_pwr.o
 .text.PWR_FastWakeUpCmd
                0x00000000       0x20 ..\obj\stm32l1xx_pwr.o
 .text.PWR_VoltageScalingConfig
                0x00000000       0x44 ..\obj\stm32l1xx_pwr.o
 .text.PWR_EnterLowPowerRunMode
                0x00000000       0x7c ..\obj\stm32l1xx_pwr.o
 .text.PWR_EnterSleepMode
                0x00000000       0x68 ..\obj\stm32l1xx_pwr.o
 .text.PWR_EnterSTOPMode
                0x00000000       0x80 ..\obj\stm32l1xx_pwr.o
 .text          0x00000000        0x0 ..\obj\startup_stm32l1xx_md.o
 .data          0x00000000        0x0 ..\obj\startup_stm32l1xx_md.o
 .bss           0x00000000        0x0 ..\obj\startup_stm32l1xx_md.o
 .text          0x00000000        0x0 ..\obj\stm32l1xx_exti.o
 .data          0x00000000        0x0 ..\obj\stm32l1xx_exti.o
 .bss           0x00000000        0x0 ..\obj\stm32l1xx_exti.o
 .text.EXTI_DeInit
                0x00000000       0x50 ..\obj\stm32l1xx_exti.o
 .text.EXTI_StructInit
                0x00000000       0x34 ..\obj\stm32l1xx_exti.o
 .text.EXTI_GenerateSWInterrupt
                0x00000000       0x2c ..\obj\stm32l1xx_exti.o
 .text.EXTI_GetFlagStatus
                0x00000000       0x3c ..\obj\stm32l1xx_exti.o
 .text.EXTI_ClearFlag
                0x00000000       0x20 ..\obj\stm32l1xx_exti.o
 .text.EXTI_GetITStatus
                0x00000000       0x3c ..\obj\stm32l1xx_exti.o
 .text          0x00000000        0x0 ..\obj\stm32l1xx_rcc.o
 .bss           0x00000000        0x0 ..\obj\stm32l1xx_rcc.o
 .text.RCC_DeInit
                0x00000000       0x9c ..\obj\stm32l1xx_rcc.o
 .text.RCC_HSEConfig
                0x00000000       0x30 ..\obj\stm32l1xx_rcc.o
 .text.RCC_WaitForHSEStartUp
                0x00000000       0x64 ..\obj\stm32l1xx_rcc.o
 .text.RCC_AdjustMSICalibrationValue
                0x00000000       0x20 ..\obj\stm32l1xx_rcc.o
 .text.RCC_MSIRangeConfig
                0x00000000       0x40 ..\obj\stm32l1xx_rcc.o
 .text.RCC_MSICmd
                0x00000000       0x20 ..\obj\stm32l1xx_rcc.o
 .text.RCC_AdjustHSICalibrationValue
                0x00000000       0x48 ..\obj\stm32l1xx_rcc.o
 .text.RCC_LSICmd
                0x00000000       0x20 ..\obj\stm32l1xx_rcc.o
 .text.RCC_PLLConfig
                0x00000000       0x34 ..\obj\stm32l1xx_rcc.o
 .text.RCC_PLLCmd
                0x00000000       0x20 ..\obj\stm32l1xx_rcc.o
 .text.RCC_ClockSecuritySystemCmd
                0x00000000       0x20 ..\obj\stm32l1xx_rcc.o
 .text.RCC_LSEClockSecuritySystemCmd
                0x00000000       0x20 ..\obj\stm32l1xx_rcc.o
 .text.RCC_MCOConfig
                0x00000000       0x2c ..\obj\stm32l1xx_rcc.o
 .text.RCC_SYSCLKConfig
                0x00000000       0x40 ..\obj\stm32l1xx_rcc.o
 .text.RCC_GetSYSCLKSource
                0x00000000       0x20 ..\obj\stm32l1xx_rcc.o
 .text.RCC_HCLKConfig
                0x00000000       0x40 ..\obj\stm32l1xx_rcc.o
 .text.RCC_PCLK1Config
                0x00000000       0x40 ..\obj\stm32l1xx_rcc.o
 .text.RCC_PCLK2Config
                0x00000000       0x44 ..\obj\stm32l1xx_rcc.o
 .text.RCC_APB2PeriphClockCmd
                0x00000000       0x54 ..\obj\stm32l1xx_rcc.o
 .text.RCC_AHBPeriphResetCmd
                0x00000000       0x54 ..\obj\stm32l1xx_rcc.o
 .text.RCC_APB2PeriphResetCmd
                0x00000000       0x54 ..\obj\stm32l1xx_rcc.o
 .text.RCC_APB1PeriphResetCmd
                0x00000000       0x54 ..\obj\stm32l1xx_rcc.o
 .text.RCC_AHBPeriphClockLPModeCmd
                0x00000000       0x54 ..\obj\stm32l1xx_rcc.o
 .text.RCC_APB2PeriphClockLPModeCmd
                0x00000000       0x54 ..\obj\stm32l1xx_rcc.o
 .text.RCC_APB1PeriphClockLPModeCmd
                0x00000000       0x54 ..\obj\stm32l1xx_rcc.o
 .text.RCC_ITConfig
                0x00000000       0x60 ..\obj\stm32l1xx_rcc.o
 .text.RCC_ClearFlag
                0x00000000       0x24 ..\obj\stm32l1xx_rcc.o
 .text.RCC_GetITStatus
                0x00000000       0x40 ..\obj\stm32l1xx_rcc.o
 .text.RCC_ClearITPendingBit
                0x00000000       0x20 ..\obj\stm32l1xx_rcc.o
 .text          0x00000000        0x0 ..\obj\system_stm32l1xx.o
 .data          0x00000000       0x20 ..\obj\system_stm32l1xx.o
 .bss           0x00000000        0x0 ..\obj\system_stm32l1xx.o
 .text.SystemCoreClockUpdate
                0x00000000      0x1dc ..\obj\system_stm32l1xx.o
 .text          0x00000000        0x0 ..\obj\main.o
 .text          0x00000000        0x0 ..\obj\stm32l1xx_syscfg.o
 .data          0x00000000        0x0 ..\obj\stm32l1xx_syscfg.o
 .bss           0x00000000        0x0 ..\obj\stm32l1xx_syscfg.o
 .text.SYSCFG_DeInit
                0x00000000       0x20 ..\obj\stm32l1xx_syscfg.o
 .text.SYSCFG_RIDeInit
                0x00000000       0x6c ..\obj\stm32l1xx_syscfg.o
 .text.SYSCFG_MemoryRemapConfig
                0x00000000       0x20 ..\obj\stm32l1xx_syscfg.o
 .text.SYSCFG_GetBootMode
                0x00000000       0x1c ..\obj\stm32l1xx_syscfg.o
 .text.SYSCFG_USBPuCmd
                0x00000000       0x4c ..\obj\stm32l1xx_syscfg.o
 .text.SYSCFG_EXTILineConfig
                0x00000000       0xb0 ..\obj\stm32l1xx_syscfg.o
 .text.SYSCFG_RITIMSelect
                0x00000000       0x40 ..\obj\stm32l1xx_syscfg.o
 .text.SYSCFG_RITIMInputCaptureConfig
                0x00000000       0xb0 ..\obj\stm32l1xx_syscfg.o
 .text.SYSCFG_RIResistorConfig
                0x00000000       0x54 ..\obj\stm32l1xx_syscfg.o
 .text.SYSCFG_RIChannelSpeedConfig
                0x00000000       0x50 ..\obj\stm32l1xx_syscfg.o
 .text.SYSCFG_RIIOSwitchConfig
                0x00000000       0xac ..\obj\stm32l1xx_syscfg.o
 .text.SYSCFG_RISwitchControlModeCmd
                0x00000000       0x4c ..\obj\stm32l1xx_syscfg.o
 .text.SYSCFG_RIHysteresisConfig
                0x00000000      0x208 ..\obj\stm32l1xx_syscfg.o
 .debug_info    0x00000000      0x463 ..\obj\stm32l1xx_syscfg.o
 .debug_abbrev  0x00000000      0x178 ..\obj\stm32l1xx_syscfg.o
 .debug_loc     0x00000000      0x2b4 ..\obj\stm32l1xx_syscfg.o
 .debug_aranges
                0x00000000       0x80 ..\obj\stm32l1xx_syscfg.o
 .debug_ranges  0x00000000       0x70 ..\obj\stm32l1xx_syscfg.o
 .debug_line    0x00000000      0x2b0 ..\obj\stm32l1xx_syscfg.o
 .debug_str     0x00000000      0x3c4 ..\obj\stm32l1xx_syscfg.o
 .comment       0x00000000       0x71 ..\obj\stm32l1xx_syscfg.o
 .ARM.attributes
                0x00000000       0x33 ..\obj\stm32l1xx_syscfg.o
 .debug_frame   0x00000000      0x178 ..\obj\stm32l1xx_syscfg.o
 .text          0x00000000        0x0 ..\obj\syscalls.o
 .data          0x00000000        0x0 ..\obj\syscalls.o
 .bss           0x00000000        0x4 ..\obj\syscalls.o
 .text._sbrk    0x00000000       0x5c ..\obj\syscalls.o
 .text.link     0x00000000       0x1c ..\obj\syscalls.o
 .text._close   0x00000000       0x18 ..\obj\syscalls.o
 .text._fstat   0x00000000       0x24 ..\obj\syscalls.o
 .text._isatty  0x00000000       0x18 ..\obj\syscalls.o
 .text._lseek   0x00000000       0x1c ..\obj\syscalls.o
 .text._read    0x00000000       0x1c ..\obj\syscalls.o
 .text._write   0x00000000       0x1c ..\obj\syscalls.o
 .text.abort    0x00000000        0x8 ..\obj\syscalls.o
 .debug_info    0x00000000      0x443 ..\obj\syscalls.o
 .debug_abbrev  0x00000000       0xe4 ..\obj\syscalls.o
 .debug_loc     0x00000000      0x1ec ..\obj\syscalls.o
 .debug_aranges
                0x00000000       0x60 ..\obj\syscalls.o
 .debug_ranges  0x00000000       0x50 ..\obj\syscalls.o
 .debug_line    0x00000000      0x19b ..\obj\syscalls.o
 .debug_str     0x00000000      0x2b2 ..\obj\syscalls.o
 .comment       0x00000000       0x71 ..\obj\syscalls.o
 .ARM.attributes
                0x00000000       0x33 ..\obj\syscalls.o
 .debug_frame   0x00000000      0x108 ..\obj\syscalls.o
 .text          0x00000000        0x0 ..\obj\misc.o
 .data          0x00000000        0x0 ..\obj\misc.o
 .bss           0x00000000        0x0 ..\obj\misc.o
 .text.NVIC_PriorityGroupConfig
                0x00000000       0x28 ..\obj\misc.o
 .text.NVIC_SetVectorTable
                0x00000000       0x2c ..\obj\misc.o
 .text.NVIC_SystemLPConfig
                0x00000000       0x54 ..\obj\misc.o
 .text.SysTick_CLKSourceConfig
                0x00000000       0x4c ..\obj\misc.o
 .text          0x00000000        0x0 ..\obj\stm32l1xx_rtc.o
 .data          0x00000000        0x0 ..\obj\stm32l1xx_rtc.o
 .bss           0x00000000        0x0 ..\obj\stm32l1xx_rtc.o
 .text.RTC_DeInit
                0x00000000      0x1a4 ..\obj\stm32l1xx_rtc.o
 .text.RTC_Init
                0x00000000       0xc0 ..\obj\stm32l1xx_rtc.o
 .text.RTC_StructInit
                0x00000000       0x2c ..\obj\stm32l1xx_rtc.o
 .text.RTC_WriteProtectionCmd
                0x00000000       0x48 ..\obj\stm32l1xx_rtc.o
 .text.RTC_RefClockCmd
                0x00000000       0x9c ..\obj\stm32l1xx_rtc.o
 .text.RTC_BypassShadowCmd
                0x00000000       0x78 ..\obj\stm32l1xx_rtc.o
 .text.RTC_TimeStructInit
                0x00000000       0x34 ..\obj\stm32l1xx_rtc.o
 .text.RTC_GetSubSecond
                0x00000000       0x30 ..\obj\stm32l1xx_rtc.o
 .text.RTC_DateStructInit
                0x00000000       0x34 ..\obj\stm32l1xx_rtc.o
 .text.RTC_AlarmStructInit
                0x00000000       0x4c ..\obj\stm32l1xx_rtc.o
 .text.RTC_GetAlarm
                0x00000000       0xec ..\obj\stm32l1xx_rtc.o
 .text.RTC_AlarmSubSecondConfig
                0x00000000       0x70 ..\obj\stm32l1xx_rtc.o
 .text.RTC_GetAlarmSubSecond
                0x00000000       0x50 ..\obj\stm32l1xx_rtc.o
 .text.RTC_WakeUpClockConfig
                0x00000000       0x6c ..\obj\stm32l1xx_rtc.o
 .text.RTC_SetWakeUpCounter
                0x00000000       0x48 ..\obj\stm32l1xx_rtc.o
 .text.RTC_GetWakeUpCounter
                0x00000000       0x20 ..\obj\stm32l1xx_rtc.o
 .text.RTC_WakeUpCmd
                0x00000000       0xd8 ..\obj\stm32l1xx_rtc.o
 .text.RTC_DayLightSavingConfig
                0x00000000       0x74 ..\obj\stm32l1xx_rtc.o
 .text.RTC_GetStoreOperation
                0x00000000       0x1c ..\obj\stm32l1xx_rtc.o
 .text.RTC_CoarseCalibConfig
                0x00000000       0x74 ..\obj\stm32l1xx_rtc.o
 .text.RTC_CoarseCalibCmd
                0x00000000       0x9c ..\obj\stm32l1xx_rtc.o
 .text.RTC_CalibOutputCmd
                0x00000000       0x78 ..\obj\stm32l1xx_rtc.o
 .text.RTC_CalibOutputConfig
                0x00000000       0x6c ..\obj\stm32l1xx_rtc.o
 .text.RTC_SmoothCalibConfig
                0x00000000       0xbc ..\obj\stm32l1xx_rtc.o
 .text.RTC_TimeStampCmd
                0x00000000       0x84 ..\obj\stm32l1xx_rtc.o
 .text.RTC_GetTimeStamp
                0x00000000      0x130 ..\obj\stm32l1xx_rtc.o
 .text.RTC_GetTimeStampSubSecond
                0x00000000       0x18 ..\obj\stm32l1xx_rtc.o
 .text.RTC_TamperTriggerConfig
                0x00000000       0x58 ..\obj\stm32l1xx_rtc.o
 .text.RTC_TamperCmd
                0x00000000       0x54 ..\obj\stm32l1xx_rtc.o
 .text.RTC_TamperFilterConfig
                0x00000000       0x44 ..\obj\stm32l1xx_rtc.o
 .text.RTC_TamperSamplingFreqConfig
                0x00000000       0x44 ..\obj\stm32l1xx_rtc.o
 .text.RTC_TamperPinsPrechargeDuration
                0x00000000       0x44 ..\obj\stm32l1xx_rtc.o
 .text.RTC_TimeStampOnTamperDetectionCmd
                0x00000000       0x4c ..\obj\stm32l1xx_rtc.o
 .text.RTC_TamperPullUpCmd
                0x00000000       0x4c ..\obj\stm32l1xx_rtc.o
 .text.RTC_WriteBackupRegister
                0x00000000       0x38 ..\obj\stm32l1xx_rtc.o
 .text.RTC_ReadBackupRegister
                0x00000000       0x34 ..\obj\stm32l1xx_rtc.o
 .text.RTC_OutputTypeConfig
                0x00000000       0x44 ..\obj\stm32l1xx_rtc.o
 .text.RTC_SynchroShiftConfig
                0x00000000       0xe0 ..\obj\stm32l1xx_rtc.o
 .text          0x00000000        0x0 ..\obj\stm32l1xx_tim.o
 .data          0x00000000        0x0 ..\obj\stm32l1xx_tim.o
 .bss           0x00000000        0x0 ..\obj\stm32l1xx_tim.o
 .text.TIM_DeInit
                0x00000000      0x170 ..\obj\stm32l1xx_tim.o
 .text.TIM_TimeBaseInit
                0x00000000       0xb0 ..\obj\stm32l1xx_tim.o
 .text.TIM_TimeBaseStructInit
                0x00000000       0x34 ..\obj\stm32l1xx_tim.o
 .text.TIM_PrescalerConfig
                0x00000000       0x28 ..\obj\stm32l1xx_tim.o
 .text.TIM_CounterModeConfig
                0x00000000       0x38 ..\obj\stm32l1xx_tim.o
 .text.TIM_SetCounter
                0x00000000       0x1c ..\obj\stm32l1xx_tim.o
 .text.TIM_SetAutoreload
                0x00000000       0x1c ..\obj\stm32l1xx_tim.o
 .text.TIM_GetCounter
                0x00000000       0x18 ..\obj\stm32l1xx_tim.o
 .text.TIM_GetPrescaler
                0x00000000       0x1c ..\obj\stm32l1xx_tim.o
 .text.TIM_UpdateDisableConfig
                0x00000000       0x40 ..\obj\stm32l1xx_tim.o
 .text.TIM_UpdateRequestConfig
                0x00000000       0x40 ..\obj\stm32l1xx_tim.o
 .text.TIM_ARRPreloadConfig
                0x00000000       0x40 ..\obj\stm32l1xx_tim.o
 .text.TIM_SelectOnePulseMode
                0x00000000       0x38 ..\obj\stm32l1xx_tim.o
 .text.TIM_SetClockDivision
                0x00000000       0x38 ..\obj\stm32l1xx_tim.o
 .text.TIM_Cmd  0x00000000       0x40 ..\obj\stm32l1xx_tim.o
 .text.TIM_OC1Init
                0x00000000       0x88 ..\obj\stm32l1xx_tim.o
 .text.TIM_OC2Init
                0x00000000       0x90 ..\obj\stm32l1xx_tim.o
 .text.TIM_OC3Init
                0x00000000       0x8c ..\obj\stm32l1xx_tim.o
 .text.TIM_OC4Init
                0x00000000       0x90 ..\obj\stm32l1xx_tim.o
 .text.TIM_OCStructInit
                0x00000000       0x34 ..\obj\stm32l1xx_tim.o
 .text.TIM_SelectOCxM
                0x00000000       0xbc ..\obj\stm32l1xx_tim.o
 .text.TIM_SetCompare1
                0x00000000       0x1c ..\obj\stm32l1xx_tim.o
 .text.TIM_SetCompare2
                0x00000000       0x1c ..\obj\stm32l1xx_tim.o
 .text.TIM_SetCompare3
                0x00000000       0x1c ..\obj\stm32l1xx_tim.o
 .text.TIM_SetCompare4
                0x00000000       0x1c ..\obj\stm32l1xx_tim.o
 .text.TIM_ForcedOC1Config
                0x00000000       0x38 ..\obj\stm32l1xx_tim.o
 .text.TIM_ForcedOC2Config
                0x00000000       0x40 ..\obj\stm32l1xx_tim.o
 .text.TIM_ForcedOC3Config
                0x00000000       0x38 ..\obj\stm32l1xx_tim.o
 .text.TIM_ForcedOC4Config
                0x00000000       0x40 ..\obj\stm32l1xx_tim.o
 .text.TIM_OC1PreloadConfig
                0x00000000       0x38 ..\obj\stm32l1xx_tim.o
 .text.TIM_OC2PreloadConfig
                0x00000000       0x40 ..\obj\stm32l1xx_tim.o
 .text.TIM_OC3PreloadConfig
                0x00000000       0x38 ..\obj\stm32l1xx_tim.o
 .text.TIM_OC4PreloadConfig
                0x00000000       0x40 ..\obj\stm32l1xx_tim.o
 .text.TIM_OC1FastConfig
                0x00000000       0x38 ..\obj\stm32l1xx_tim.o
 .text.TIM_OC2FastConfig
                0x00000000       0x40 ..\obj\stm32l1xx_tim.o
 .text.TIM_OC3FastConfig
                0x00000000       0x38 ..\obj\stm32l1xx_tim.o
 .text.TIM_OC4FastConfig
                0x00000000       0x40 ..\obj\stm32l1xx_tim.o
 .text.TIM_ClearOC1Ref
                0x00000000       0x38 ..\obj\stm32l1xx_tim.o
 .text.TIM_ClearOC2Ref
                0x00000000       0x44 ..\obj\stm32l1xx_tim.o
 .text.TIM_ClearOC3Ref
                0x00000000       0x38 ..\obj\stm32l1xx_tim.o
 .text.TIM_ClearOC4Ref
                0x00000000       0x44 ..\obj\stm32l1xx_tim.o
 .text.TIM_OC1PolarityConfig
                0x00000000       0x38 ..\obj\stm32l1xx_tim.o
 .text.TIM_OC2PolarityConfig
                0x00000000       0x40 ..\obj\stm32l1xx_tim.o
 .text.TIM_OC3PolarityConfig
                0x00000000       0x40 ..\obj\stm32l1xx_tim.o
 .text.TIM_OC4PolarityConfig
                0x00000000       0x40 ..\obj\stm32l1xx_tim.o
 .text.TIM_SelectOCREFClear
                0x00000000       0x38 ..\obj\stm32l1xx_tim.o
 .text.TIM_CCxCmd
                0x00000000       0x5c ..\obj\stm32l1xx_tim.o
 .text.TIM_ICInit
                0x00000000       0xa8 ..\obj\stm32l1xx_tim.o
 .text.TIM_ICStructInit
                0x00000000       0x3c ..\obj\stm32l1xx_tim.o
 .text.TIM_PWMIConfig
                0x00000000       0xc4 ..\obj\stm32l1xx_tim.o
 .text.TIM_GetCapture1
                0x00000000       0x18 ..\obj\stm32l1xx_tim.o
 .text.TIM_GetCapture2
                0x00000000       0x18 ..\obj\stm32l1xx_tim.o
 .text.TIM_GetCapture3
                0x00000000       0x18 ..\obj\stm32l1xx_tim.o
 .text.TIM_GetCapture4
                0x00000000       0x18 ..\obj\stm32l1xx_tim.o
 .text.TIM_SetIC1Prescaler
                0x00000000       0x38 ..\obj\stm32l1xx_tim.o
 .text.TIM_SetIC2Prescaler
                0x00000000       0x3c ..\obj\stm32l1xx_tim.o
 .text.TIM_SetIC3Prescaler
                0x00000000       0x38 ..\obj\stm32l1xx_tim.o
 .text.TIM_SetIC4Prescaler
                0x00000000       0x3c ..\obj\stm32l1xx_tim.o
 .text.TIM_ITConfig
                0x00000000       0x48 ..\obj\stm32l1xx_tim.o
 .text.TIM_GenerateEvent
                0x00000000       0x1c ..\obj\stm32l1xx_tim.o
 .text.TIM_GetFlagStatus
                0x00000000       0x40 ..\obj\stm32l1xx_tim.o
 .text.TIM_ClearFlag
                0x00000000       0x24 ..\obj\stm32l1xx_tim.o
 .text.TIM_GetITStatus
                0x00000000       0x60 ..\obj\stm32l1xx_tim.o
 .text.TIM_ClearITPendingBit
                0x00000000       0x24 ..\obj\stm32l1xx_tim.o
 .text.TIM_DMAConfig
                0x00000000       0x28 ..\obj\stm32l1xx_tim.o
 .text.TIM_DMACmd
                0x00000000       0x48 ..\obj\stm32l1xx_tim.o
 .text.TIM_SelectCCDMA
                0x00000000       0x40 ..\obj\stm32l1xx_tim.o
 .text.TIM_InternalClockConfig
                0x00000000       0x24 ..\obj\stm32l1xx_tim.o
 .text.TIM_ITRxExternalClockConfig
                0x00000000       0x30 ..\obj\stm32l1xx_tim.o
 .text.TIM_TIxExternalClockConfig
                0x00000000       0x58 ..\obj\stm32l1xx_tim.o
 .text.TIM_ETRClockMode1Config
                0x00000000       0x54 ..\obj\stm32l1xx_tim.o
 .text.TIM_ETRClockMode2Config
                0x00000000       0x34 ..\obj\stm32l1xx_tim.o
 .text.TIM_SelectInputTrigger
                0x00000000       0x38 ..\obj\stm32l1xx_tim.o
 .text.TIM_SelectOutputTrigger
                0x00000000       0x38 ..\obj\stm32l1xx_tim.o
 .text.TIM_SelectSlaveMode
                0x00000000       0x38 ..\obj\stm32l1xx_tim.o
 .text.TIM_SelectMasterSlaveMode
                0x00000000       0x38 ..\obj\stm32l1xx_tim.o
 .text.TIM_ETRConfig
                0x00000000       0x4c ..\obj\stm32l1xx_tim.o
 .text.TIM_EncoderInterfaceConfig
                0x00000000       0x94 ..\obj\stm32l1xx_tim.o
 .text.TIM_SelectHallSensor
                0x00000000       0x40 ..\obj\stm32l1xx_tim.o
 .text.TIM_RemapConfig
                0x00000000       0x44 ..\obj\stm32l1xx_tim.o
 .text.TI1_Config
                0x00000000       0x80 ..\obj\stm32l1xx_tim.o
 .text.TI2_Config
                0x00000000       0x9c ..\obj\stm32l1xx_tim.o
 .text.TI3_Config
                0x00000000       0x8c ..\obj\stm32l1xx_tim.o
 .text.TI4_Config
                0x00000000       0xa4 ..\obj\stm32l1xx_tim.o
 .debug_info    0x00000000     0x1b46 ..\obj\stm32l1xx_tim.o
 .debug_abbrev  0x00000000      0x1b2 ..\obj\stm32l1xx_tim.o
 .debug_loc     0x00000000     0x1260 ..\obj\stm32l1xx_tim.o
 .debug_aranges
                0x00000000      0x2b8 ..\obj\stm32l1xx_tim.o
 .debug_ranges  0x00000000      0x2a8 ..\obj\stm32l1xx_tim.o
 .debug_line    0x00000000      0x937 ..\obj\stm32l1xx_tim.o
 .debug_str     0x00000000      0xbfa ..\obj\stm32l1xx_tim.o
 .comment       0x00000000       0x71 ..\obj\stm32l1xx_tim.o
 .ARM.attributes
                0x00000000       0x33 ..\obj\stm32l1xx_tim.o
 .debug_frame   0x00000000      0x95c ..\obj\stm32l1xx_tim.o
 .text          0x00000000        0x0 c:/gnu tools arm embedded/4.7 2013q2/bin/../lib/gcc/arm-none-eabi/4.7.4/../../../../arm-none-eabi/lib/armv7-m\libg.a(lib_a-memset.o)
 .data          0x00000000        0x0 c:/gnu tools arm embedded/4.7 2013q2/bin/../lib/gcc/arm-none-eabi/4.7.4/../../../../arm-none-eabi/lib/armv7-m\libg.a(lib_a-memset.o)
 .bss           0x00000000        0x0 c:/gnu tools arm embedded/4.7 2013q2/bin/../lib/gcc/arm-none-eabi/4.7.4/../../../../arm-none-eabi/lib/armv7-m\libg.a(lib_a-memset.o)
 .text          0x00000000        0x0 c:/gnu tools arm embedded/4.7 2013q2/bin/../lib/gcc/arm-none-eabi/4.7.4/../../../../arm-none-eabi/lib/armv7-m\libg.a(lib_a-strcat.o)
 .data          0x00000000        0x0 c:/gnu tools arm embedded/4.7 2013q2/bin/../lib/gcc/arm-none-eabi/4.7.4/../../../../arm-none-eabi/lib/armv7-m\libg.a(lib_a-strcat.o)
 .bss           0x00000000        0x0 c:/gnu tools arm embedded/4.7 2013q2/bin/../lib/gcc/arm-none-eabi/4.7.4/../../../../arm-none-eabi/lib/armv7-m\libg.a(lib_a-strcat.o)
 .text          0x00000000        0x0 c:/gnu tools arm embedded/4.7 2013q2/bin/../lib/gcc/arm-none-eabi/4.7.4/../../../../arm-none-eabi/lib/armv7-m\libg.a(lib_a-strcpy.o)
 .data          0x00000000        0x0 c:/gnu tools arm embedded/4.7 2013q2/bin/../lib/gcc/arm-none-eabi/4.7.4/../../../../arm-none-eabi/lib/armv7-m\libg.a(lib_a-strcpy.o)
 .bss           0x00000000        0x0 c:/gnu tools arm embedded/4.7 2013q2/bin/../lib/gcc/arm-none-eabi/4.7.4/../../../../arm-none-eabi/lib/armv7-m\libg.a(lib_a-strcpy.o)
 .text          0x00000000        0x0 c:/gnu tools arm embedded/4.7 2013q2/bin/../lib/gcc/arm-none-eabi/4.7.4/../../../../arm-none-eabi/lib/armv7-m\libg.a(lib_a-strlen.o)
 .data          0x00000000        0x0 c:/gnu tools arm embedded/4.7 2013q2/bin/../lib/gcc/arm-none-eabi/4.7.4/../../../../arm-none-eabi/lib/armv7-m\libg.a(lib_a-strlen.o)
 .bss           0x00000000        0x0 c:/gnu tools arm embedded/4.7 2013q2/bin/../lib/gcc/arm-none-eabi/4.7.4/../../../../arm-none-eabi/lib/armv7-m\libg.a(lib_a-strlen.o)

Memory Configuration

Name             Origin             Length             Attributes
rom              0x08000000         0x00020000         xr
ram              0x20000000         0x00004000         xrw
*default*        0x00000000         0xffffffff

Linker script and memory map

                0x20004000                _eram = 0x20004000

.text           0x08000000     0xc768
 *(.isr_vector)
 .isr_vector    0x08000000       0xf4 ..\obj\startup_stm32l1xx_md.o
                0x08000000                g_pfnVectors
 *(.text*)
 .text.GPIO_Init
                0x080000f4      0x150 ..\obj\stm32l1xx_gpio.o
                0x080000f4                GPIO_Init
 .text.GPIO_ReadInputDataBit
                0x08000244       0x40 ..\obj\stm32l1xx_gpio.o
                0x08000244                GPIO_ReadInputDataBit
 .text.GPIO_SetBits
                0x08000284       0x1c ..\obj\stm32l1xx_gpio.o
                0x08000284                GPIO_SetBits
 .text.GPIO_ResetBits
                0x080002a0       0x1c ..\obj\stm32l1xx_gpio.o
                0x080002a0                GPIO_ResetBits
 .text.delay_ms
                0x080002bc       0x44 ..\obj\oled.o
                0x080002bc                delay_ms
 .text.OLED_Refresh_Gram
                0x08000300       0x84 ..\obj\oled.o
                0x08000300                OLED_Refresh_Gram
 .text.OLED_WR_Byte
                0x08000384       0xd8 ..\obj\oled.o
                0x08000384                OLED_WR_Byte
 .text.OLED_Clear
                0x0800045c       0x5c ..\obj\oled.o
                0x0800045c                OLED_Clear
 .text.OLED_Init
                0x080004b8      0x1a4 ..\obj\oled.o
                0x080004b8                OLED_Init
 .text.OLED_DrawPoint_fast
                0x0800065c      0x120 ..\obj\oled.o
                0x0800065c                OLED_DrawPoint_fast
 .text.OLED_DrawLine_fast
                0x0800077c      0x174 ..\obj\oled.o
                0x0800077c                OLED_DrawLine_fast
 .text.OLED_DrawBitmap_fast
                0x080008f0      0x124 ..\obj\oled.o
                0x080008f0                OLED_DrawBitmap_fast
 .text.OLED_DrawChrXY_fast
                0x08000a14      0x304 ..\obj\oled.o
                0x08000a14                OLED_DrawChrXY_fast
 .text.OLED_DrawString_fast
                0x08000d18       0x5c ..\obj\oled.o
                0x08000d18                OLED_DrawString_fast
 .text.IntToStr_rait
                0x08000d74       0xec ..\obj\oled.o
                0x08000d74                IntToStr_rait
 .text.ClrByf   0x08000e60       0x3c ..\obj\oled.o
                0x08000e60                ClrByf
 .text.IntToTimeStr
                0x08000e9c       0xe8 ..\obj\oled.o
                0x08000e9c                IntToTimeStr
 .text.OLED_DrawChrTimeXY_fast
                0x08000f84      0x22c ..\obj\oled.o
                0x08000f84                OLED_DrawChrTimeXY_fast
 .text.OLED_DrawChrToCharTimeAnimXY_fast
                0x080011b0      0x398 ..\obj\oled.o
                0x080011b0                OLED_DrawChrToCharTimeAnimXY_fast
 .text.OLED_DrawTime
                0x08001548       0x5c ..\obj\oled.o
                0x08001548                OLED_DrawTime
 .text.OLED_DrawTimeAnim
                0x080015a4      0x318 ..\obj\oled.o
                0x080015a4                OLED_DrawTimeAnim
 .text.OLED_LcdCache_Clear
                0x080018bc       0x3c ..\obj\oled.o
                0x080018bc                OLED_LcdCache_Clear
 .text.PWR_RTCAccessCmd
                0x080018f8       0x20 ..\obj\stm32l1xx_pwr.o
                0x080018f8                PWR_RTCAccessCmd
 .text.PWR_PVDCmd
                0x08001918       0x20 ..\obj\stm32l1xx_pwr.o
                0x08001918                PWR_PVDCmd
 .text.PWR_WakeUpPinCmd
                0x08001938       0x30 ..\obj\stm32l1xx_pwr.o
                0x08001938                PWR_WakeUpPinCmd
 .text.PWR_UltraLowPowerCmd
                0x08001968       0x20 ..\obj\stm32l1xx_pwr.o
                0x08001968                PWR_UltraLowPowerCmd
 .text.PWR_EnterSTANDBYMode
                0x08001988       0x54 ..\obj\stm32l1xx_pwr.o
                0x08001988                PWR_EnterSTANDBYMode
 .text.PWR_GetFlagStatus
                0x080019dc       0x3c ..\obj\stm32l1xx_pwr.o
                0x080019dc                PWR_GetFlagStatus
 .text.PWR_ClearFlag
                0x08001a18       0x30 ..\obj\stm32l1xx_pwr.o
                0x08001a18                PWR_ClearFlag
 .text.Default_Reset_Handler
                0x08001a48       0x10 ..\obj\startup_stm32l1xx_md.o
                0x08001a48                EXTI2_IRQHandler
                0x08001a48                TIM10_IRQHandler
                0x08001a48                USB_HP_IRQHandler
                0x08001a48                TIM6_IRQHandler
                0x08001a48                PVD_IRQHandler
                0x08001a48                EXTI3_IRQHandler
                0x08001a48                EXTI0_IRQHandler
                0x08001a48                I2C2_EV_IRQHandler
                0x08001a48                SPI1_IRQHandler
                0x08001a48                USB_FS_WKUP_IRQHandler
                0x08001a48                DMA1_Channel4_IRQHandler
                0x08001a48                ADC1_IRQHandler
                0x08001a48                USART3_IRQHandler
                0x08001a48                DMA1_Channel7_IRQHandler
                0x08001a48                Reset_Handler
                0x08001a48                LCD_IRQHandler
                0x08001a48                TIM4_IRQHandler
                0x08001a48                I2C1_EV_IRQHandler
                0x08001a48                DMA1_Channel6_IRQHandler
                0x08001a48                TIM3_IRQHandler
                0x08001a48                RCC_IRQHandler
                0x08001a48                DMA1_Channel1_IRQHandler
                0x08001a48                EXTI15_10_IRQHandler
                0x08001a48                Default_Reset_Handler
                0x08001a48                TIM7_IRQHandler
                0x08001a48                EXTI9_5_IRQHandler
                0x08001a48                TIM9_IRQHandler
                0x08001a48                TAMPER_STAMP_IRQHandler
                0x08001a48                RTC_WKUP_IRQHandler
                0x08001a48                SPI2_IRQHandler
                0x08001a48                DMA1_Channel5_IRQHandler
                0x08001a48                USB_LP_IRQHandler
                0x08001a48                EXTI4_IRQHandler
                0x08001a48                DMA1_Channel3_IRQHandler
                0x08001a48                COMP_IRQHandler
                0x08001a48                WWDG_IRQHandler
                0x08001a48                TIM2_IRQHandler
                0x08001a48                DAC_IRQHandler
                0x08001a48                EXTI1_IRQHandler
                0x08001a48                TIM11_IRQHandler
                0x08001a48                USART2_IRQHandler
                0x08001a48                I2C2_ER_IRQHandler
                0x08001a48                DMA1_Channel2_IRQHandler
                0x08001a48                FLASH_IRQHandler
                0x08001a48                USART1_IRQHandler
                0x08001a48                I2C1_ER_IRQHandler
 .text.Default_Handler
                0x08001a58        0x8 ..\obj\startup_stm32l1xx_md.o
                0x08001a58                HardFault_Handler
                0x08001a58                PendSV_Handler
                0x08001a58                NMI_Handler
                0x08001a58                UsageFault_Handler
                0x08001a58                MemManage_Handler
                0x08001a58                SVC_Handler
                0x08001a58                BusFault_Handler
                0x08001a58                DebugMon_Handler
 .text.EXTI_Init
                0x08001a60      0x138 ..\obj\stm32l1xx_exti.o
                0x08001a60                EXTI_Init
 .text.EXTI_ClearITPendingBit
                0x08001b98       0x20 ..\obj\stm32l1xx_exti.o
                0x08001b98                EXTI_ClearITPendingBit
 .text.RCC_HSICmd
                0x08001bb8       0x20 ..\obj\stm32l1xx_rcc.o
                0x08001bb8                RCC_HSICmd
 .text.RCC_LSEConfig
                0x08001bd8       0x30 ..\obj\stm32l1xx_rcc.o
                0x08001bd8                RCC_LSEConfig
 .text.RCC_GetClocksFreq
                0x08001c08      0x22c ..\obj\stm32l1xx_rcc.o
                0x08001c08                RCC_GetClocksFreq
 .text.RCC_RTCCLKConfig
                0x08001e34       0x84 ..\obj\stm32l1xx_rcc.o
                0x08001e34                RCC_RTCCLKConfig
 .text.RCC_RTCCLKCmd
                0x08001eb8       0x20 ..\obj\stm32l1xx_rcc.o
                0x08001eb8                RCC_RTCCLKCmd
 .text.RCC_RTCResetCmd
                0x08001ed8       0x20 ..\obj\stm32l1xx_rcc.o
                0x08001ed8                RCC_RTCResetCmd
 .text.RCC_AHBPeriphClockCmd
                0x08001ef8       0x54 ..\obj\stm32l1xx_rcc.o
                0x08001ef8                RCC_AHBPeriphClockCmd
 .text.RCC_APB1PeriphClockCmd
                0x08001f4c       0x54 ..\obj\stm32l1xx_rcc.o
                0x08001f4c                RCC_APB1PeriphClockCmd
 .text.RCC_GetFlagStatus
                0x08001fa0       0x7c ..\obj\stm32l1xx_rcc.o
                0x08001fa0                RCC_GetFlagStatus
 .text.SystemInit
                0x0800201c       0xa8 ..\obj\system_stm32l1xx.o
                0x0800201c                SystemInit
 .text.SetSysClock
                0x080020c4      0x1e0 ..\obj\system_stm32l1xx.o
 .text.RTC_Initilithahion
                0x080022a4       0x50 ..\obj\main.o
                0x080022a4                RTC_Initilithahion
 .text.RTC_Set_TimeDate
                0x080022f4       0x40 ..\obj\main.o
                0x080022f4                RTC_Set_TimeDate
 .text.RTC_Set_Alarm
                0x08002334       0xc8 ..\obj\main.o
                0x08002334                RTC_Set_Alarm
 .text.TACT_Config
                0x080023fc       0xa4 ..\obj\main.o
                0x080023fc                TACT_Config
 .text.PWatch_Menu
                0x080024a0      0x1b8 ..\obj\main.o
                0x080024a0                PWatch_Menu
 .text.DataToString
                0x08002658      0x100 ..\obj\main.o
                0x08002658                DataToString
 .text.PWatch_Anim
                0x08002758      0x1ec ..\obj\main.o
                0x08002758                PWatch_Anim
 .text.PWatch_Setup
                0x08002944      0x688 ..\obj\main.o
                0x08002944                PWatch_Setup
 .text.PWatch_Set_Alarm
                0x08002fcc      0x418 ..\obj\main.o
                0x08002fcc                PWatch_Set_Alarm
 .text.PWatch_Vibration
                0x080033e4       0xbc ..\obj\main.o
                0x080033e4                PWatch_Vibration
 .text.RTC_Alarm_IRQHandler
                0x080034a0       0x70 ..\obj\main.o
                0x080034a0                RTC_Alarm_IRQHandler
 .text.SysTick_Handler
                0x08003510        0xc ..\obj\main.o
                0x08003510                SysTick_Handler
 .text.main     0x0800351c      0x400 ..\obj\main.o
                0x0800351c                main
 .text.NVIC_Init
                0x0800391c       0xe4 ..\obj\misc.o
                0x0800391c                NVIC_Init
 .text.RTC_EnterInitMode
                0x08003a00       0x94 ..\obj\stm32l1xx_rtc.o
                0x08003a00                RTC_EnterInitMode
 .text.RTC_ExitInitMode
                0x08003a94       0x24 ..\obj\stm32l1xx_rtc.o
                0x08003a94                RTC_ExitInitMode
 .text.RTC_WaitForSynchro
                0x08003ab8       0xb0 ..\obj\stm32l1xx_rtc.o
                0x08003ab8                RTC_WaitForSynchro
 .text.RTC_SetTime
                0x08003b68      0x160 ..\obj\stm32l1xx_rtc.o
                0x08003b68                RTC_SetTime
 .text.RTC_GetTime
                0x08003cc8       0xa8 ..\obj\stm32l1xx_rtc.o
                0x08003cc8                RTC_GetTime
 .text.RTC_SetDate
                0x08003d70      0x15c ..\obj\stm32l1xx_rtc.o
                0x08003d70                RTC_SetDate
 .text.RTC_GetDate
                0x08003ecc       0xa8 ..\obj\stm32l1xx_rtc.o
                0x08003ecc                RTC_GetDate
 .text.RTC_SetAlarm
                0x08003f74      0x17c ..\obj\stm32l1xx_rtc.o
                0x08003f74                RTC_SetAlarm
 .text.RTC_AlarmCmd
                0x080040f0       0xe8 ..\obj\stm32l1xx_rtc.o
                0x080040f0                RTC_AlarmCmd
 .text.RTC_OutputConfig
                0x080041d8       0x74 ..\obj\stm32l1xx_rtc.o
                0x080041d8                RTC_OutputConfig
 .text.RTC_ITConfig
                0x0800424c       0xc0 ..\obj\stm32l1xx_rtc.o
                0x0800424c                RTC_ITConfig
 .text.RTC_GetFlagStatus
                0x0800430c       0x50 ..\obj\stm32l1xx_rtc.o
                0x0800430c                RTC_GetFlagStatus
 .text.RTC_ClearFlag
                0x0800435c       0x40 ..\obj\stm32l1xx_rtc.o
                0x0800435c                RTC_ClearFlag
 .text.RTC_GetITStatus
                0x0800439c       0x94 ..\obj\stm32l1xx_rtc.o
                0x0800439c                RTC_GetITStatus
 .text.RTC_ClearITPendingBit
                0x08004430       0x4c ..\obj\stm32l1xx_rtc.o
                0x08004430                RTC_ClearITPendingBit
 .text.RTC_ByteToBcd2
                0x0800447c       0x44 ..\obj\stm32l1xx_rtc.o
 .text.RTC_Bcd2ToByte
                0x080044c0       0x40 ..\obj\stm32l1xx_rtc.o
 .text.memset   0x08004500      0x12c c:/gnu tools arm embedded/4.7 2013q2/bin/../lib/gcc/arm-none-eabi/4.7.4/../../../../arm-none-eabi/lib/armv7-m\libg.a(lib_a-memset.o)
                0x08004500                memset
 .text.strcat   0x0800462c       0x4c c:/gnu tools arm embedded/4.7 2013q2/bin/../lib/gcc/arm-none-eabi/4.7.4/../../../../arm-none-eabi/lib/armv7-m\libg.a(lib_a-strcat.o)
                0x0800462c                strcat
 .text.strcpy   0x08004678       0xbc c:/gnu tools arm embedded/4.7 2013q2/bin/../lib/gcc/arm-none-eabi/4.7.4/../../../../arm-none-eabi/lib/armv7-m\libg.a(lib_a-strcpy.o)
                0x08004678                strcpy
 .text.strlen   0x08004734       0x60 c:/gnu tools arm embedded/4.7 2013q2/bin/../lib/gcc/arm-none-eabi/4.7.4/../../../../arm-none-eabi/lib/armv7-m\libg.a(lib_a-strlen.o)
                0x08004734                strlen
 *(.init)
 *(.fini)
 *crtbegin.o(.ctors)
 *crtbegin?.o(.ctors)
 *(EXCLUDE_FILE(*crtend.o *crtend?.o) .ctors)
 *(SORT(.ctors.*))
 *(.ctors)
 *crtbegin.o(.dtors)
 *crtbegin?.o(.dtors)
 *(EXCLUDE_FILE(*crtend.o *crtend?.o) .dtors)
 *(SORT(.dtors.*))
 *(.dtors)
 *(.rodata*)
 .rodata        0x08004794     0x7cbc ..\obj\oled.o
                0x08004794                Font_timesNewRoman_20pt_en
                0x08007124                Font_timesNewRoman_20pt_ru
                0x08008d94                Font_timesNewRoman_14pt_en
                0x0800a144                Font_timesNewRoman_14pt_ru
                0x0800ad74                Font_timesNewRoman_10pt_en
                0x0800b67c                Font_timesNewRoman_10pt_ru
                0x0800bc14                Font_timesNewRoman_7pt_en
                0x0800bf08                Font_timesNewRoman_7pt_ru
                0x0800c0d0                FontWatch_17pt
                0x0800c1d4                FontWatch_25pt
                0x0800c3f8                FontWatch_8pt
 .rodata        0x0800c450      0x318 ..\obj\main.o
                0x0800c450                menu1_sprait
                0x0800c6b8                menu
                0x0800c708                menu_cmd
 *(.eh_fram e*)

.glue_7         0x0800c768        0x0
 .glue_7        0x00000000        0x0 linker stubs

.glue_7t        0x0800c768        0x0
 .glue_7t       0x00000000        0x0 linker stubs

.vfp11_veneer   0x0800c768        0x0
 .vfp11_veneer  0x00000000        0x0 linker stubs

.v4_bx          0x0800c768        0x0
 .v4_bx         0x00000000        0x0 linker stubs

.iplt           0x0800c768        0x0
 .iplt          0x00000000        0x0 ..\obj\stm32l1xx_gpio.o

.rel.dyn        0x0800c768        0x0
 .rel.iplt      0x00000000        0x0 ..\obj\stm32l1xx_gpio.o

.ARM.extab
 *(.ARM.extab* .gnu.linkonce.armextab.*)
                0x0800c768                __exidx_start = .

.ARM.exidx
 *(.ARM.exidx* .gnu.linkonce.armexidx.*)
                0x0800c768                __exidx_end = .
                0x0800c768                __etext = .
                0x0800c768                _sidata = __etext

.data           0x20000000       0x34 load address 0x0800c768
                0x20000000                __data_start__ = .
                0x20000000                _sdata = __data_start__
 *(vtable)
 *(.data*)
 .data          0x20000000        0x2 ..\obj\oled.o
                0x20000000                FontHeight
                0x20000001                FontWidth
 *fill*         0x20000002        0x2 00
 .data          0x20000004       0x1c ..\obj\stm32l1xx_rcc.o
 .data          0x20000020       0x14 ..\obj\main.o
                0x20000020                bbb
                0x20000034                . = ALIGN (0x4)
                0x20000034                PROVIDE (__preinit_array_start, .)
 *(.preinit_array)
                0x20000034                PROVIDE (__preinit_array_end, .)
                0x20000034                . = ALIGN (0x4)
                0x20000034                PROVIDE (__init_array_start, .)
 *(SORT(.init_array.*))
 *(.init_array)
                0x20000034                PROVIDE (__init_array_end, .)
                0x20000034                . = ALIGN (0x4)
                0x20000034                PROVIDE (__fini_array_start, .)
 *(SORT(.fini_array.*))
 *(.fini_array)
                0x20000034                PROVIDE (__fini_array_end, .)
 *(.jcr*)
                0x20000034                . = ALIGN (0x4)
                0x20000034                __data_end__ = .
                0x20000034                _edata = __data_end__

.igot.plt       0x20000034        0x0 load address 0x0800c79c
 .igot.plt      0x00000000        0x0 ..\obj\stm32l1xx_gpio.o

.bss            0x20000034      0xc8c load address 0x0800c79c
                0x20000034                . = ALIGN (0x4)
                0x20000034                __bss_start__ = .
                0x20000034                _sbss = __bss_start__
 *(.bss*)
 .bss           0x20000034       0x14 ..\obj\main.o
                0x20000034                key
                0x20000038                temp
                0x2000003c                globa_menu
                0x2000003d                PWatch_Setup_Step
                0x2000003e                PCount_Start
                0x2000003f                f_work_comand
                0x20000040                curent_cmd
                0x20000041                WaitToSleep
                0x20000042                f_WakeupToAlarm
                0x20000043                f_aktive_menu
                0x20000044                f_clearScrin
                0x20000045                WkupFlag
                0x20000046                WainToAlarm
 *(COMMON)
 COMMON         0x20000048      0xc00 ..\obj\oled.o
                0x20000048                LcdCache
                0x20000848                OLED_GRAM
 COMMON         0x20000c48       0x76 ..\obj\main.o
                0x20000c48                t
                0x20000c4c                tmp
                0x20000c50                f
                0x20000c54                CurentTimeAndData
                0x20000c60                key_ok
                0x20000c64                getTime0
                0x20000c70                setTime
                0x20000c7c                BackTimeAndData
                0x20000c88                RTCDateStr
                0x20000c8c                getTime
                0x20000c98                temp_str
                0x20000ca8                RTCTimeStr
                0x20000cac                Frequency
                0x20000cbc                key_down
                0x20000cbd                key_up
                0x20000cc0                . = ALIGN (0x4)
 *fill*         0x20000cbe        0x2 00
                0x20000cc0                __bss_end__ = .
                0x20000cc0                _ebss = __bss_end__

.heap           0x20000cc0        0x0
                0x20000cc0                __end__ = .
                0x20000cc0                _end = __end__
                0x20000cc0                end = __end__
 *(.heap*)
                0x20000cc0                __HeapLimit = .

.co_stack       0x20000cc0      0x400 load address 0x0800d428
                0x20000cc0                . = ALIGN (0x8)
 *(.co_stack .co_stack.*)
 .co_stack      0x20000cc0      0x400 ..\obj\startup_stm32l1xx_md.o
                0x20000cc0                pulStack
                0x20004000                __StackTop = (ORIGIN (ram) + 0x4000)
                0x20003c00                __StackLimit = (__StackTop - SIZEOF (.co_stack))
                0x20004000                PROVIDE (__stack, __StackTop)
                0x00000001                ASSERT ((__StackLimit >= __HeapLimit), region ram  overflowed with stack)
LOAD ..\obj\stm32l1xx_gpio.o
LOAD ..\obj\oled.o
LOAD ..\obj\stm32l1xx_pwr.o
LOAD ..\obj\startup_stm32l1xx_md.o
LOAD ..\obj\stm32l1xx_exti.o
LOAD ..\obj\stm32l1xx_rcc.o
LOAD ..\obj\system_stm32l1xx.o
LOAD ..\obj\main.o
LOAD ..\obj\stm32l1xx_syscfg.o
LOAD ..\obj\syscalls.o
LOAD ..\obj\misc.o
LOAD ..\obj\stm32l1xx_rtc.o
LOAD ..\obj\stm32l1xx_tim.o
START GROUP
LOAD c:/gnu tools arm embedded/4.7 2013q2/bin/../lib/gcc/arm-none-eabi/4.7.4/armv7-m\libgcc.a
LOAD c:/gnu tools arm embedded/4.7 2013q2/bin/../lib/gcc/arm-none-eabi/4.7.4/../../../../arm-none-eabi/lib/armv7-m\libg.a
LOAD c:/gnu tools arm embedded/4.7 2013q2/bin/../lib/gcc/arm-none-eabi/4.7.4/../../../../arm-none-eabi/lib/armv7-m\libc.a
END GROUP
OUTPUT(Watch v0.1.elf elf32-littlearm)

.debug_info     0x00000000     0x5ccc
 .debug_info    0x00000000      0x68b ..\obj\stm32l1xx_gpio.o
 .debug_info    0x0000068b     0x13b9 ..\obj\oled.o
 .debug_info    0x00001a44      0x602 ..\obj\stm32l1xx_pwr.o
 .debug_info    0x00002046       0xd2 ..\obj\startup_stm32l1xx_md.o
 .debug_info    0x00002118      0x364 ..\obj\stm32l1xx_exti.o
 .debug_info    0x0000247c      0xacb ..\obj\stm32l1xx_rcc.o
 .debug_info    0x00002f47      0x596 ..\obj\system_stm32l1xx.o
 .debug_info    0x000034dd      0xf9e ..\obj\main.o
 .debug_info    0x0000447b      0x592 ..\obj\misc.o
 .debug_info    0x00004a0d     0x12bf ..\obj\stm32l1xx_rtc.o

.debug_abbrev   0x00000000     0x10ab
 .debug_abbrev  0x00000000      0x1a5 ..\obj\stm32l1xx_gpio.o
 .debug_abbrev  0x000001a5      0x26f ..\obj\oled.o
 .debug_abbrev  0x00000414      0x19f ..\obj\stm32l1xx_pwr.o
 .debug_abbrev  0x000005b3       0x96 ..\obj\startup_stm32l1xx_md.o
 .debug_abbrev  0x00000649      0x1a7 ..\obj\stm32l1xx_exti.o
 .debug_abbrev  0x000007f0      0x1e5 ..\obj\stm32l1xx_rcc.o
 .debug_abbrev  0x000009d5      0x147 ..\obj\system_stm32l1xx.o
 .debug_abbrev  0x00000b1c      0x2b6 ..\obj\main.o
 .debug_abbrev  0x00000dd2      0x129 ..\obj\misc.o
 .debug_abbrev  0x00000efb      0x1b0 ..\obj\stm32l1xx_rtc.o

.debug_loc      0x00000000     0x276e
 .debug_loc     0x00000000      0x310 ..\obj\stm32l1xx_gpio.o
 .debug_loc     0x00000310      0x6fa ..\obj\oled.o
 .debug_loc     0x00000a0a      0x2f8 ..\obj\stm32l1xx_pwr.o
 .debug_loc     0x00000d02       0x58 ..\obj\startup_stm32l1xx_md.o
 .debug_loc     0x00000d5a      0x1b4 ..\obj\stm32l1xx_exti.o
 .debug_loc     0x00000f0e      0x82c ..\obj\stm32l1xx_rcc.o
 .debug_loc     0x0000173a       0x9c ..\obj\system_stm32l1xx.o
 .debug_loc     0x000017d6      0x2a8 ..\obj\main.o
 .debug_loc     0x00001a7e      0x118 ..\obj\misc.o
 .debug_loc     0x00001b96      0xbd8 ..\obj\stm32l1xx_rtc.o

.debug_aranges  0x00000000      0x6b0
 .debug_aranges
                0x00000000       0x88 ..\obj\stm32l1xx_gpio.o
 .debug_aranges
                0x00000088      0x118 ..\obj\oled.o
 .debug_aranges
                0x000001a0       0x88 ..\obj\stm32l1xx_pwr.o
 .debug_aranges
                0x00000228       0x28 ..\obj\startup_stm32l1xx_md.o
 .debug_aranges
                0x00000250       0x58 ..\obj\stm32l1xx_exti.o
 .debug_aranges
                0x000002a8      0x148 ..\obj\stm32l1xx_rcc.o
 .debug_aranges
                0x000003f0       0x30 ..\obj\system_stm32l1xx.o
 .debug_aranges
                0x00000420       0x80 ..\obj\main.o
 .debug_aranges
                0x000004a0       0x40 ..\obj\misc.o
 .debug_aranges
                0x000004e0      0x1d0 ..\obj\stm32l1xx_rtc.o

.debug_ranges   0x00000000      0x610
 .debug_ranges  0x00000000       0x78 ..\obj\stm32l1xx_gpio.o
 .debug_ranges  0x00000078      0x108 ..\obj\oled.o
 .debug_ranges  0x00000180       0x78 ..\obj\stm32l1xx_pwr.o
 .debug_ranges  0x000001f8       0x18 ..\obj\startup_stm32l1xx_md.o
 .debug_ranges  0x00000210       0x48 ..\obj\stm32l1xx_exti.o
 .debug_ranges  0x00000258      0x138 ..\obj\stm32l1xx_rcc.o
 .debug_ranges  0x00000390       0x20 ..\obj\system_stm32l1xx.o
 .debug_ranges  0x000003b0       0x70 ..\obj\main.o
 .debug_ranges  0x00000420       0x30 ..\obj\misc.o
 .debug_ranges  0x00000450      0x1c0 ..\obj\stm32l1xx_rtc.o

.debug_line     0x00000000     0x2817
 .debug_line    0x00000000      0x31c ..\obj\stm32l1xx_gpio.o
 .debug_line    0x0000031c      0x8c7 ..\obj\oled.o
 .debug_line    0x00000be3      0x2cc ..\obj\stm32l1xx_pwr.o
 .debug_line    0x00000eaf       0xa4 ..\obj\startup_stm32l1xx_md.o
 .debug_line    0x00000f53      0x27b ..\obj\stm32l1xx_exti.o
 .debug_line    0x000011ce      0x4fa ..\obj\stm32l1xx_rcc.o
 .debug_line    0x000016c8      0x1c9 ..\obj\system_stm32l1xx.o
 .debug_line    0x00001891      0x590 ..\obj\main.o
 .debug_line    0x00001e21      0x224 ..\obj\misc.o
 .debug_line    0x00002045      0x7d2 ..\obj\stm32l1xx_rtc.o

.debug_str      0x00000000     0x241f
 .debug_str     0x00000000      0x43a ..\obj\stm32l1xx_gpio.o
                                0x476 (size before relaxing)
 .debug_str     0x0000043a      0x4cf ..\obj\oled.o
                                0x7a6 (size before relaxing)
 .debug_str     0x00000909      0x23d ..\obj\stm32l1xx_pwr.o
                                0x376 (size before relaxing)
 .debug_str     0x00000b46       0xa5 ..\obj\startup_stm32l1xx_md.o
                                0x109 (size before relaxing)
 .debug_str     0x00000beb      0x1d5 ..\obj\stm32l1xx_exti.o
                                0x30c (size before relaxing)
 .debug_str     0x00000dc0      0x4d6 ..\obj\stm32l1xx_rcc.o
                                0x6ba (size before relaxing)
 .debug_str     0x00001296       0xd6 ..\obj\system_stm32l1xx.o
                                0x304 (size before relaxing)
 .debug_str     0x0000136c      0x698 ..\obj\main.o
                                0xbee (size before relaxing)
 .debug_str     0x00001a04      0x160 ..\obj\misc.o
                                0x384 (size before relaxing)
 .debug_str     0x00001b64      0x8bb ..\obj\stm32l1xx_rtc.o
                                0xb02 (size before relaxing)

.comment        0x00000000       0x70
 .comment       0x00000000       0x70 ..\obj\stm32l1xx_gpio.o
                                 0x71 (size before relaxing)
 .comment       0x00000000       0x71 ..\obj\oled.o
 .comment       0x00000000       0x71 ..\obj\stm32l1xx_pwr.o
 .comment       0x00000000       0x71 ..\obj\startup_stm32l1xx_md.o
 .comment       0x00000000       0x71 ..\obj\stm32l1xx_exti.o
 .comment       0x00000000       0x71 ..\obj\stm32l1xx_rcc.o
 .comment       0x00000000       0x71 ..\obj\system_stm32l1xx.o
 .comment       0x00000000       0x71 ..\obj\main.o
 .comment       0x00000000       0x71 ..\obj\misc.o
 .comment       0x00000000       0x71 ..\obj\stm32l1xx_rtc.o

.ARM.attributes
                0x00000000       0x33
 .ARM.attributes
                0x00000000       0x33 ..\obj\stm32l1xx_gpio.o
 .ARM.attributes
                0x00000033       0x33 ..\obj\oled.o
 .ARM.attributes
                0x00000066       0x33 ..\obj\stm32l1xx_pwr.o
 .ARM.attributes
                0x00000099       0x33 ..\obj\startup_stm32l1xx_md.o
 .ARM.attributes
                0x000000cc       0x33 ..\obj\stm32l1xx_exti.o
 .ARM.attributes
                0x000000ff       0x33 ..\obj\stm32l1xx_rcc.o
 .ARM.attributes
                0x00000132       0x33 ..\obj\system_stm32l1xx.o
 .ARM.attributes
                0x00000165       0x33 ..\obj\main.o
 .ARM.attributes
                0x00000198       0x33 ..\obj\misc.o
 .ARM.attributes
                0x000001cb       0x33 ..\obj\stm32l1xx_rtc.o
 .ARM.attributes
                0x000001fe       0x2d c:/gnu tools arm embedded/4.7 2013q2/bin/../lib/gcc/arm-none-eabi/4.7.4/../../../../arm-none-eabi/lib/armv7-m\libg.a(lib_a-memset.o)
 .ARM.attributes
                0x0000022b       0x2d c:/gnu tools arm embedded/4.7 2013q2/bin/../lib/gcc/arm-none-eabi/4.7.4/../../../../arm-none-eabi/lib/armv7-m\libg.a(lib_a-strcat.o)
 .ARM.attributes
                0x00000258       0x2d c:/gnu tools arm embedded/4.7 2013q2/bin/../lib/gcc/arm-none-eabi/4.7.4/../../../../arm-none-eabi/lib/armv7-m\libg.a(lib_a-strcpy.o)
 .ARM.attributes
                0x00000285       0x2d c:/gnu tools arm embedded/4.7 2013q2/bin/../lib/gcc/arm-none-eabi/4.7.4/../../../../arm-none-eabi/lib/armv7-m\libg.a(lib_a-strlen.o)

.debug_frame    0x00000000     0x15f0
 .debug_frame   0x00000000      0x19c ..\obj\stm32l1xx_gpio.o
 .debug_frame   0x0000019c      0x3f4 ..\obj\oled.o
 .debug_frame   0x00000590      0x194 ..\obj\stm32l1xx_pwr.o
 .debug_frame   0x00000724       0x44 ..\obj\startup_stm32l1xx_md.o
 .debug_frame   0x00000768       0xec ..\obj\stm32l1xx_exti.o
 .debug_frame   0x00000854      0x430 ..\obj\stm32l1xx_rcc.o
 .debug_frame   0x00000c84       0x64 ..\obj\system_stm32l1xx.o
 .debug_frame   0x00000ce8      0x19c ..\obj\main.o
 .debug_frame   0x00000e84       0x9c ..\obj\misc.o
 .debug_frame   0x00000f20      0x638 ..\obj\stm32l1xx_rtc.o
 .debug_frame   0x00001558       0x2c c:/gnu tools arm embedded/4.7 2013q2/bin/../lib/gcc/arm-none-eabi/4.7.4/../../../../arm-none-eabi/lib/armv7-m\libg.a(lib_a-memset.o)
 .debug_frame   0x00001584       0x2c c:/gnu tools arm embedded/4.7 2013q2/bin/../lib/gcc/arm-none-eabi/4.7.4/../../../../arm-none-eabi/lib/armv7-m\libg.a(lib_a-strcat.o)
 .debug_frame   0x000015b0       0x20 c:/gnu tools arm embedded/4.7 2013q2/bin/../lib/gcc/arm-none-eabi/4.7.4/../../../../arm-none-eabi/lib/armv7-m\libg.a(lib_a-strcpy.o)
 .debug_frame   0x000015d0       0x20 c:/gnu tools arm embedded/4.7 2013q2/bin/../lib/gcc/arm-none-eabi/4.7.4/../../../../arm-none-eabi/lib/armv7-m\libg.a(lib_a-strlen.o)
